// Jest Snapshot v1, https://goo.gl/fbAQLP

exports[`ResultsBody should render without errors ResultsBody 1`] = `
<li>
  <img
    alt="title"
    src="foo"
  />
  <div
    className="col-50"
  >
    <p
      className="title"
    >
      title
    </p>
    <p>
      <span
        className="genre"
        key="0"
      >
        genres
         
      </span>
    </p>
  </div>
  <div
    className="col-50 text-align-right"
  >
    <span
      className="release-date"
    >
      foo
    </span>
  </div>
</li>
`;
