// Jest Snapshot v1, https://goo.gl/fbAQLP

exports[`<search SearchButton /> should render SearchButton without errors 1`] = `
<div
  className="search-button"
>
  <button
    onClick={undefined}
    style={
      Object {
        "background": "#F44336",
        "border": "none",
        "color": "white",
        "padding": "10px",
      }
    }
  >
    search
  </button>
</div>
`;
